01:41:52 **** Incremental Build of configuration Debug for project STM32F103RB_drivers ****
make -j32 all 
arm-none-eabi-gcc "../Src/main.c" -mcpu=cortex-m3 -std=gnu11 -g3 -DDEBUG -DSTM32F103RBTx -DSTM32 -DSTM32F1 -DNUCLEO_F103RB -c -I../Inc -I"C:/Users/abrah/Desktop/IPN/STM/Curso_C/Embedded-C/My_workspace/target/NUCLEOF103RB-STM/STM32F103RB_drivers/drivers/Inc" -O0 -ffunction-sections -fdata-sections -Wall -fstack-usage -fcyclomatic-complexity -MMD -MP -MF"Src/main.d" -MT"Src/main.o" --specs=nano.specs -mfloat-abi=soft -mthumb -o "Src/main.o"
arm-none-eabi-gcc -o "STM32F103RB_drivers.elf" @"objects.list"   -mcpu=cortex-m3 -T"C:\Users\abrah\Desktop\IPN\STM\Curso_C\Embedded-C\My_workspace\target\NUCLEOF103RB-STM\STM32F103RB_drivers\STM32F103RBTX_FLASH.ld" --specs=nosys.specs -Wl,-Map="STM32F103RB_drivers.map" -Wl,--gc-sections -static --specs=nano.specs -mfloat-abi=soft -mthumb -Wl,--start-group -lc -lm -Wl,--end-group
Finished building target: STM32F103RB_drivers.elf
 
arm-none-eabi-size  STM32F103RB_drivers.elf 
arm-none-eabi-objdump -h -S STM32F103RB_drivers.elf  > "STM32F103RB_drivers.list"
   text	   data	    bss	    dec	    hex	filename
    556	      8	   1568	   2132	    854	STM32F103RB_drivers.elf
Finished building: default.size.stdout
 
Finished building: STM32F103RB_drivers.list
 
